node.exe : PASS 
__tests__/authStore.test.ts
At line:1 char:1
+ & "C:\Program Files\nodejs/node.exe" 
"C:\Program Files\nodejs/node_mo ...
+ ~~~~~~~~~~~~~~~~~~~~~~~~~~~~~~~~~~~~~~~
~~~~~~~~~~~~~~~~~~~~~~~~~~~~~~
    + CategoryInfo          : NotSpecifi 
   ed: (PASS __tests__/authStore.test.t  
  s:String) [], RemoteException
    + FullyQualifiedErrorId : NativeComm 
   andError
 
  authStore (demo mode)
    ΓêÜ logs in demo user and sets auth 
state (420 ms)
    ΓêÜ signs up and stores demo user 
data (526 ms)
    ΓêÜ loads saved demo user from 
secure store (5 ms)

Test Suites: 1 passed, 1 total
Tests:       3 passed, 3 total
Snapshots:   0 total
Time:        3.449 s, estimated 7 s
Ran all test suites.
